// Jest Snapshot v1, https://goo.gl/fbAQLP

exports[`SVFilter filters the signal 1`] = `
Float32Array [
  -1,
  1,
  -1,
  1,
  -1,
  1,
  -1,
  1,
  -1,
  1,
  -1,
  1,
  -1,
  1,
  -1,
  1,
  -1,
  1,
  -1,
  1,
]
`;

exports[`SVFilter filters the signal 2`] = `
Float32Array [
  -7.058988571166992,
  -96.1963882446289,
  -933.3245239257812,
  -7950.83740234375,
  -63193.6796875,
  -481030.5,
  -3555095.5,
  -25716442,
  -183016032,
  -1285889280,
  -8941918208,
  -61654106112,
  -422081658880,
  -2872091344896,
  -19441708433408,
  -131008733118464,
  -879299460595712,
  -5880895244337152,
  -39209108632502270,
  -260680291251650560,
]
`;

exports[`SVFilter filters the signal 3`] = `
Float32Array [
  -1728730658831859700,
  -11437933590730506000,
  -75519349223376030000,
  -497665280641740050000,
  -3.2738075880989456e+21,
  -2.150135330517005e+22,
  -1.4100311966854957e+23,
  -9.233990443912205e+23,
  -6.03935217634656e+24,
  -3.9452060773814655e+25,
  -2.574315262255496e+26,
  -1.6780219466165328e+27,
  -1.0927115680685831e+28,
  -7.109042947525591e+28,
  -4.621019964675439e+29,
  -3.001284075478557e+30,
  -1.9477740115635436e+31,
  -1.263136567931854e+32,
  -8.18576013175832e+32,
  -5.3012721012231e+33,
]
`;
