// Jest Snapshot v1, https://goo.gl/fbAQLP

exports[`ProcessorNode has parameter descriptors 1`] = `
[
  {
    "automationRate": "k-rate",
    "defaultValue": 1,
    "maxValue": 3,
    "minValue": 0,
    "name": "filterType",
  },
  {
    "automationRate": "k-rate",
    "defaultValue": 1000,
    "maxValue": 20000,
    "minValue": 16,
    "name": "frequency",
  },
  {
    "automationRate": "k-rate",
    "defaultValue": 0.5,
    "maxValue": 40,
    "minValue": 0,
    "name": "resonance",
  },
]
`;
