// Jest Snapshot v1, https://goo.gl/fbAQLP

exports[`Adsr Generator ADSR process input with adsr adsr 1`] = `
Float32Array [
  0.3020015358924866,
  0.5294362306594849,
  0.7007153630256653,
  0.8297041654586792,
  0.9268444776535034,
  1,
  1,
  0.6397664546966553,
  0.535443902015686,
  0.5052323937416077,
  0.5,
  0.5,
  0.5,
  0.5,
  0.5,
  0.5,
  0.5,
  0.5,
  0.5,
  0.5,
]
`;

exports[`Adsr Generator ADSR process input with adsr adsr 2`] = `
Float32Array [
  0.2657996118068695,
  0.13976648449897766,
  0.07194272428750992,
  0.03544389456510544,
  0.015802331268787384,
  0.005232374649494886,
  0,
  0,
  0,
  0,
  0,
  0,
  0,
  0,
  0,
  0,
  0,
  0,
  0,
  0,
]
`;
