// Jest Snapshot v1, https://goo.gl/fbAQLP

exports[`ProcessorNode generates saw 1`] = `
[
  [
    Float32Array [
      0,
      -1,
      -1,
      -1,
      -1,
      -1,
      -1,
      -1,
      -1,
      -1,
      -2,
      1,
      1,
      1,
      1,
      1,
      1,
      1,
      1,
      1,
      -8.881784197001252e-15,
      -1,
      -1,
      -1,
      -1,
      -1,
      -1,
      -1,
      -1,
      -1,
      8.881784197001252e-15,
      1,
      1,
      1,
      1,
      1,
      1,
      1,
      1,
      1,
    ],
  ],
]
`;

exports[`ProcessorNode generates sine 1`] = `
[
  [
    Float32Array [
      0,
      -0.8999999761581421,
      -0.800000011920929,
      -0.699999988079071,
      -0.6000000238418579,
      -0.5,
      -0.4000000059604645,
      -0.30000001192092896,
      -0.20000000298023224,
      -0.10000000149011612,
      -1.1102230246251565e-16,
      0.10000000149011612,
      0.20000000298023224,
      0.30000001192092896,
      0.4000000059604645,
      0.5,
      0.6000000238418579,
      0.699999988079071,
      0.800000011920929,
      0.8999999761581421,
      -8.43769498715119e-15,
      -0.8999999761581421,
      -0.800000011920929,
      -0.699999988079071,
      -0.6000000238418579,
      -0.5,
      -0.4000000059604645,
      -0.30000001192092896,
      -0.20000000298023224,
      -0.10000000149011612,
      4.440892098500626e-16,
      0.10000000149011612,
      0.20000000298023224,
      0.30000001192092896,
      0.4000000059604645,
      0.5,
      0.6000000238418579,
      0.699999988079071,
      0.800000011920929,
      0.8999999761581421,
    ],
  ],
]
`;

exports[`ProcessorNode generates square 1`] = `
[
  [
    Float32Array [
      0,
      -1.600000023841858,
      -1.6000726222991943,
      -1.6000726222991943,
      -1.6000726222991943,
      -1.6000726222991943,
      -1.6000726222991943,
      -1.6000726222991943,
      -1.6000726222991943,
      -1.6000726222991943,
      -3.2000725269317627,
      1.5998547077178955,
      1.6000726222991943,
      1.6000726222991943,
      1.6000726222991943,
      1.6000726222991943,
      1.6000726222991943,
      1.6000726222991943,
      1.6000726222991943,
      1.6000726222991943,
      0.00007264318264788017,
      -1.600000023841858,
      -1.6000726222991943,
      -1.6000726222991943,
      -1.6000726222991943,
      -1.6000726222991943,
      -1.6000726222991943,
      -1.6000726222991943,
      -1.6000726222991943,
      -1.6000726222991943,
      -0.00007264318264788017,
      1.600000023841858,
      1.6000726222991943,
      1.6000726222991943,
      1.6000726222991943,
      1.6000726222991943,
      1.6000726222991943,
      1.6000726222991943,
      1.6000726222991943,
      1.6000726222991943,
    ],
  ],
]
`;

exports[`ProcessorNode generates triangle 1`] = `
[
  [
    Float32Array [
      0,
      -0.8999999761581421,
      -0.800000011920929,
      -0.699999988079071,
      -0.6000000238418579,
      -0.5,
      -0.4000000059604645,
      -0.30000001192092896,
      -0.20000000298023224,
      -0.10000000149011612,
      -1.1102230246251565e-16,
      0.10000000149011612,
      0.20000000298023224,
      0.30000001192092896,
      0.4000000059604645,
      0.5,
      0.6000000238418579,
      0.699999988079071,
      0.800000011920929,
      0.8999999761581421,
      -8.43769498715119e-15,
      -0.8999999761581421,
      -0.800000011920929,
      -0.699999988079071,
      -0.6000000238418579,
      -0.5,
      -0.4000000059604645,
      -0.30000001192092896,
      -0.20000000298023224,
      -0.10000000149011612,
      4.440892098500626e-16,
      0.10000000149011612,
      0.20000000298023224,
      0.30000001192092896,
      0.4000000059604645,
      0.5,
      0.6000000238418579,
      0.699999988079071,
      0.800000011920929,
      0.8999999761581421,
    ],
  ],
]
`;

exports[`ProcessorNode has parameter descriptors 1`] = `
[
  {
    "automationRate": "k-rate",
    "defaultValue": 0,
    "maxValue": 2,
    "minValue": 0,
    "name": "type",
  },
  {
    "automationRate": "k-rate",
    "defaultValue": 440,
    "maxValue": 20000,
    "minValue": 0,
    "name": "frequency",
  },
  {
    "automationRate": "k-rate",
    "defaultValue": 0,
    "maxValue": 10000,
    "minValue": 0,
    "name": "detune",
  },
]
`;
