// Jest Snapshot v1, https://goo.gl/fbAQLP

exports[`NoiseWorkletNode has parameter descriptors 1`] = `
[
  {
    "automationRate": "k-rate",
    "defaultValue": 0,
    "maxValue": 100,
    "minValue": 0,
    "name": "type",
  },
]
`;
